<?xml version="1.0"?>
<link_info>
   <banner>TMS320C2000 Linker PC v6.2.11</banner>
   <copyright>Copyright (c) 1996-2015 Texas Instruments Incorporated</copyright>
   <link_time>0x5f6ab8e1</link_time>
   <link_errors>0x0</link_errors>
   <output_file>Stepper_test.out</output_file>
   <entry_point>
      <name>_c_int00</name>
      <address>0x3edea5</address>
   </entry_point>
   <input_file_list>
      <input_file id="fl-2">
         <path>.\SRC\DSP2803x_Setup\</path>
         <kind>object</kind>
         <file>DSP2806x_ECap.obj</file>
         <name>DSP2806x_ECap.obj</name>
      </input_file>
      <input_file id="fl-3">
         <path>.\SRC\DSP2803x_Setup\</path>
         <kind>object</kind>
         <file>F2806x_Adc.obj</file>
         <name>F2806x_Adc.obj</name>
      </input_file>
      <input_file id="fl-4">
         <path>.\SRC\DSP2803x_Setup\</path>
         <kind>object</kind>
         <file>F2806x_CSMPasswords.obj</file>
         <name>F2806x_CSMPasswords.obj</name>
      </input_file>
      <input_file id="fl-5">
         <path>.\SRC\DSP2803x_Setup\</path>
         <kind>object</kind>
         <file>F2806x_CodeStartBranch.obj</file>
         <name>F2806x_CodeStartBranch.obj</name>
      </input_file>
      <input_file id="fl-6">
         <path>.\SRC\DSP2803x_Setup\</path>
         <kind>object</kind>
         <file>F2806x_DefaultIsr.obj</file>
         <name>F2806x_DefaultIsr.obj</name>
      </input_file>
      <input_file id="fl-7">
         <path>.\SRC\DSP2803x_Setup\</path>
         <kind>object</kind>
         <file>F2806x_ECan.obj</file>
         <name>F2806x_ECan.obj</name>
      </input_file>
      <input_file id="fl-8">
         <path>.\SRC\DSP2803x_Setup\</path>
         <kind>object</kind>
         <file>F2806x_GlobalVariableDefs.obj</file>
         <name>F2806x_GlobalVariableDefs.obj</name>
      </input_file>
      <input_file id="fl-9">
         <path>.\SRC\DSP2803x_Setup\</path>
         <kind>object</kind>
         <file>F2806x_Gpio.obj</file>
         <name>F2806x_Gpio.obj</name>
      </input_file>
      <input_file id="fl-a">
         <path>.\SRC\DSP2803x_Setup\</path>
         <kind>object</kind>
         <file>F2806x_PieCtrl.obj</file>
         <name>F2806x_PieCtrl.obj</name>
      </input_file>
      <input_file id="fl-b">
         <path>.\SRC\DSP2803x_Setup\</path>
         <kind>object</kind>
         <file>F2806x_PieVect.obj</file>
         <name>F2806x_PieVect.obj</name>
      </input_file>
      <input_file id="fl-c">
         <path>.\SRC\DSP2803x_Setup\</path>
         <kind>object</kind>
         <file>F2806x_Sci.obj</file>
         <name>F2806x_Sci.obj</name>
      </input_file>
      <input_file id="fl-d">
         <path>.\SRC\DSP2803x_Setup\</path>
         <kind>object</kind>
         <file>F2806x_SysCtrl.obj</file>
         <name>F2806x_SysCtrl.obj</name>
      </input_file>
      <input_file id="fl-e">
         <path>.\SRC\DSP2803x_Setup\</path>
         <kind>object</kind>
         <file>F2806x_usDelay.obj</file>
         <name>F2806x_usDelay.obj</name>
      </input_file>
      <input_file id="fl-f">
         <path>.\SRC\Origa_Code\</path>
         <kind>object</kind>
         <file>Origa_Ecc.obj</file>
         <name>Origa_Ecc.obj</name>
      </input_file>
      <input_file id="fl-10">
         <path>.\SRC\Origa_Code\</path>
         <kind>object</kind>
         <file>Origa_Gf2nMath.obj</file>
         <name>Origa_Gf2nMath.obj</name>
      </input_file>
      <input_file id="fl-11">
         <path>.\SRC\Origa_Code\</path>
         <kind>object</kind>
         <file>Origa_ID_Check.obj</file>
         <name>Origa_ID_Check.obj</name>
      </input_file>
      <input_file id="fl-12">
         <path>.\SRC\Origa_Code\</path>
         <kind>object</kind>
         <file>Origa_Nvm.obj</file>
         <name>Origa_Nvm.obj</name>
      </input_file>
      <input_file id="fl-13">
         <path>.\SRC\Origa_Code\</path>
         <kind>object</kind>
         <file>Origa_Swi.obj</file>
         <name>Origa_Swi.obj</name>
      </input_file>
      <input_file id="fl-14">
         <path>.\SRC\User_Code\</path>
         <kind>object</kind>
         <file>74HC595.obj</file>
         <name>74HC595.obj</name>
      </input_file>
      <input_file id="fl-15">
         <path>.\SRC\User_Code\</path>
         <kind>object</kind>
         <file>CAN_handleYJ_BG.obj</file>
         <name>CAN_handleYJ_BG.obj</name>
      </input_file>
      <input_file id="fl-16">
         <path>.\SRC\User_Code\</path>
         <kind>object</kind>
         <file>Cap_AB_Pulse.obj</file>
         <name>Cap_AB_Pulse.obj</name>
      </input_file>
      <input_file id="fl-17">
         <path>.\SRC\User_Code\</path>
         <kind>object</kind>
         <file>Change_Pearl_Color.obj</file>
         <name>Change_Pearl_Color.obj</name>
      </input_file>
      <input_file id="fl-18">
         <path>.\SRC\User_Code\</path>
         <kind>object</kind>
         <file>GZ_TEST.obj</file>
         <name>GZ_TEST.obj</name>
      </input_file>
      <input_file id="fl-19">
         <path>.\SRC\User_Code\</path>
         <kind>object</kind>
         <file>Hand_Key.obj</file>
         <name>Hand_Key.obj</name>
      </input_file>
      <input_file id="fl-1a">
         <path>.\SRC\User_Code\</path>
         <kind>object</kind>
         <file>Head_Addr.obj</file>
         <name>Head_Addr.obj</name>
      </input_file>
      <input_file id="fl-1b">
         <path>.\SRC\User_Code\</path>
         <kind>object</kind>
         <file>I2C_Handle_Update.obj</file>
         <name>I2C_Handle_Update.obj</name>
      </input_file>
      <input_file id="fl-1c">
         <path>.\SRC\User_Code\</path>
         <kind>object</kind>
         <file>Main.obj</file>
         <name>Main.obj</name>
      </input_file>
      <input_file id="fl-1d">
         <path>.\SRC\User_Code\</path>
         <kind>object</kind>
         <file>MainISR.obj</file>
         <name>MainISR.obj</name>
      </input_file>
      <input_file id="fl-1e">
         <path>.\SRC\User_Code\</path>
         <kind>object</kind>
         <file>Motor_fault_check.obj</file>
         <name>Motor_fault_check.obj</name>
      </input_file>
      <input_file id="fl-1f">
         <path>.\SRC\User_Code\</path>
         <kind>object</kind>
         <file>Prepare_Pearl.obj</file>
         <name>Prepare_Pearl.obj</name>
      </input_file>
      <input_file id="fl-20">
         <path>.\SRC\User_Code\</path>
         <kind>object</kind>
         <file>SPTA.obj</file>
         <name>SPTA.obj</name>
      </input_file>
      <input_file id="fl-27">
         <path>..\lib\</path>
         <kind>archive</kind>
         <file>EncryptMath_SZ.lib</file>
         <name>DecryptHex.obj</name>
      </input_file>
      <input_file id="fl-28">
         <path>..\lib\</path>
         <kind>archive</kind>
         <file>IQmath.lib</file>
         <name>IQ24cosPU.obj</name>
      </input_file>
      <input_file id="fl-29">
         <path>..\lib\</path>
         <kind>archive</kind>
         <file>IQmath.lib</file>
         <name>IQ24sinPU.obj</name>
      </input_file>
      <input_file id="fl-2a">
         <path>..\lib\</path>
         <kind>archive</kind>
         <file>IQmath.lib</file>
         <name>IQ24sqrt.obj</name>
      </input_file>
      <input_file id="fl-2b">
         <path>..\lib\</path>
         <kind>archive</kind>
         <file>IQmath.lib</file>
         <name>IQmathTables.obj</name>
      </input_file>
      <input_file id="fl-37">
         <path>C:\ti\ccsv7\tools\compiler\c2000_6.2.11\lib\</path>
         <kind>archive</kind>
         <file>rts2800_ml.lib</file>
         <name>boot.obj</name>
      </input_file>
      <input_file id="fl-38">
         <path>C:\ti\ccsv7\tools\compiler\c2000_6.2.11\lib\</path>
         <kind>archive</kind>
         <file>rts2800_ml.lib</file>
         <name>exit.obj</name>
      </input_file>
      <input_file id="fl-39">
         <path>C:\ti\ccsv7\tools\compiler\c2000_6.2.11\lib\</path>
         <kind>archive</kind>
         <file>rts2800_ml.lib</file>
         <name>fd_mpy.obj</name>
      </input_file>
      <input_file id="fl-3a">
         <path>C:\ti\ccsv7\tools\compiler\c2000_6.2.11\lib\</path>
         <kind>archive</kind>
         <file>rts2800_ml.lib</file>
         <name>fd_tol.obj</name>
      </input_file>
      <input_file id="fl-3b">
         <path>C:\ti\ccsv7\tools\compiler\c2000_6.2.11\lib\</path>
         <kind>archive</kind>
         <file>rts2800_ml.lib</file>
         <name>fs_add.obj</name>
      </input_file>
      <input_file id="fl-3c">
         <path>C:\ti\ccsv7\tools\compiler\c2000_6.2.11\lib\</path>
         <kind>archive</kind>
         <file>rts2800_ml.lib</file>
         <name>fs_div.obj</name>
      </input_file>
      <input_file id="fl-3d">
         <path>C:\ti\ccsv7\tools\compiler\c2000_6.2.11\lib\</path>
         <kind>archive</kind>
         <file>rts2800_ml.lib</file>
         <name>fs_mpy.obj</name>
      </input_file>
      <input_file id="fl-3e">
         <path>C:\ti\ccsv7\tools\compiler\c2000_6.2.11\lib\</path>
         <kind>archive</kind>
         <file>rts2800_ml.lib</file>
         <name>fs_tofd.obj</name>
      </input_file>
      <input_file id="fl-3f">
         <path>C:\ti\ccsv7\tools\compiler\c2000_6.2.11\lib\</path>
         <kind>archive</kind>
         <file>rts2800_ml.lib</file>
         <name>fs_tou.obj</name>
      </input_file>
      <input_file id="fl-40">
         <path>C:\ti\ccsv7\tools\compiler\c2000_6.2.11\lib\</path>
         <kind>archive</kind>
         <file>rts2800_ml.lib</file>
         <name>i_div.obj</name>
      </input_file>
      <input_file id="fl-41">
         <path>C:\ti\ccsv7\tools\compiler\c2000_6.2.11\lib\</path>
         <kind>archive</kind>
         <file>rts2800_ml.lib</file>
         <name>l_div.obj</name>
      </input_file>
      <input_file id="fl-42">
         <path>C:\ti\ccsv7\tools\compiler\c2000_6.2.11\lib\</path>
         <kind>archive</kind>
         <file>rts2800_ml.lib</file>
         <name>l_tofs.obj</name>
      </input_file>
      <input_file id="fl-43">
         <path>C:\ti\ccsv7\tools\compiler\c2000_6.2.11\lib\</path>
         <kind>archive</kind>
         <file>rts2800_ml.lib</file>
         <name>ll_div.obj</name>
      </input_file>
      <input_file id="fl-44">
         <path>C:\ti\ccsv7\tools\compiler\c2000_6.2.11\lib\</path>
         <kind>archive</kind>
         <file>rts2800_ml.lib</file>
         <name>ll_mpy.obj</name>
      </input_file>
      <input_file id="fl-45">
         <path>C:\ti\ccsv7\tools\compiler\c2000_6.2.11\lib\</path>
         <kind>archive</kind>
         <file>rts2800_ml.lib</file>
         <name>rand.obj</name>
      </input_file>
      <input_file id="fl-46">
         <path>C:\ti\ccsv7\tools\compiler\c2000_6.2.11\lib\</path>
         <kind>archive</kind>
         <file>rts2800_ml.lib</file>
         <name>u_tofs.obj</name>
      </input_file>
      <input_file id="fl-47">
         <path>C:\ti\ccsv7\tools\compiler\c2000_6.2.11\lib\</path>
         <kind>archive</kind>
         <file>rts2800_ml.lib</file>
         <name>ul_tofs.obj</name>
      </input_file>
      <input_file id="fl-48">
         <path>C:\ti\ccsv7\tools\compiler\c2000_6.2.11\lib\</path>
         <kind>archive</kind>
         <file>rts2800_ml.lib</file>
         <name>_lock.obj</name>
      </input_file>
      <input_file id="fl-49">
         <path>C:\ti\ccsv7\tools\compiler\c2000_6.2.11\lib\</path>
         <kind>archive</kind>
         <file>rts2800_ml.lib</file>
         <name>args_main.obj</name>
      </input_file>
   </input_file_list>
   <object_component_list>
      <object_component id="oc-10f">
         <name>.cinit</name>
         <load_address>0x3ee0c5</load_address>
         <run_address>0x3ee0c5</run_address>
         <size>0x4b4</size>
         <input_file_ref idref="fl-1d"/>
      </object_component>
      <object_component id="oc-123">
         <name>.cinit</name>
         <load_address>0x3ee579</load_address>
         <run_address>0x3ee579</run_address>
         <size>0x81</size>
         <input_file_ref idref="fl-20"/>
      </object_component>
      <object_component id="oc-11d">
         <name>.cinit</name>
         <load_address>0x3ee5fa</load_address>
         <run_address>0x3ee5fa</run_address>
         <size>0x7f</size>
         <input_file_ref idref="fl-1f"/>
      </object_component>
      <object_component id="oc-109">
         <name>.cinit</name>
         <load_address>0x3ee679</load_address>
         <run_address>0x3ee679</run_address>
         <size>0x64</size>
         <input_file_ref idref="fl-1c"/>
      </object_component>
      <object_component id="oc-117">
         <name>.cinit</name>
         <load_address>0x3ee6dd</load_address>
         <run_address>0x3ee6dd</run_address>
         <size>0x4c</size>
         <input_file_ref idref="fl-1e"/>
      </object_component>
      <object_component id="oc-df">
         <name>.cinit</name>
         <load_address>0x3ee729</load_address>
         <run_address>0x3ee729</run_address>
         <size>0x49</size>
         <input_file_ref idref="fl-15"/>
      </object_component>
      <object_component id="oc-f7">
         <name>.cinit</name>
         <load_address>0x3ee772</load_address>
         <run_address>0x3ee772</run_address>
         <size>0x3b</size>
         <input_file_ref idref="fl-19"/>
      </object_component>
      <object_component id="oc-bd">
         <name>.cinit</name>
         <load_address>0x3ee7ad</load_address>
         <run_address>0x3ee7ad</run_address>
         <size>0x24</size>
         <input_file_ref idref="fl-f"/>
      </object_component>
      <object_component id="oc-c3">
         <name>.cinit</name>
         <load_address>0x3ee7d1</load_address>
         <run_address>0x3ee7d1</run_address>
         <size>0x24</size>
         <input_file_ref idref="fl-10"/>
      </object_component>
      <object_component id="oc-4f">
         <name>.cinit</name>
         <load_address>0x3ee7f5</load_address>
         <run_address>0x3ee7f5</run_address>
         <size>0x21</size>
         <input_file_ref idref="fl-2"/>
      </object_component>
      <object_component id="oc-103">
         <name>.cinit</name>
         <load_address>0x3ee816</load_address>
         <run_address>0x3ee816</run_address>
         <size>0x1d</size>
         <input_file_ref idref="fl-1b"/>
      </object_component>
      <object_component id="oc-129">
         <name>.cinit</name>
         <load_address>0x3ee833</load_address>
         <run_address>0x3ee833</run_address>
         <size>0x1a</size>
         <input_file_ref idref="fl-27"/>
      </object_component>
      <object_component id="oc-fd">
         <name>.cinit</name>
         <load_address>0x3ee84d</load_address>
         <run_address>0x3ee84d</run_address>
         <size>0x13</size>
         <input_file_ref idref="fl-1a"/>
      </object_component>
      <object_component id="oc-d9">
         <name>.cinit</name>
         <load_address>0x3ee860</load_address>
         <run_address>0x3ee860</run_address>
         <size>0xc</size>
         <input_file_ref idref="fl-14"/>
      </object_component>
      <object_component id="oc-17d">
         <name>.cinit</name>
         <load_address>0x3ee86c</load_address>
         <run_address>0x3ee86c</run_address>
         <size>0xa</size>
         <input_file_ref idref="fl-48"/>
      </object_component>
      <object_component id="oc-139">
         <name>.cinit</name>
         <load_address>0x3ee876</load_address>
         <run_address>0x3ee876</run_address>
         <size>0xa</size>
         <input_file_ref idref="fl-38"/>
      </object_component>
      <object_component id="oc-f1">
         <name>.cinit</name>
         <load_address>0x3ee880</load_address>
         <run_address>0x3ee880</run_address>
         <size>0x9</size>
         <input_file_ref idref="fl-18"/>
      </object_component>
      <object_component id="oc-c9">
         <name>.cinit</name>
         <load_address>0x3ee889</load_address>
         <run_address>0x3ee889</run_address>
         <size>0x9</size>
         <input_file_ref idref="fl-11"/>
      </object_component>
      <object_component id="oc-16f">
         <name>.cinit</name>
         <load_address>0x3ee892</load_address>
         <run_address>0x3ee892</run_address>
         <size>0x5</size>
         <input_file_ref idref="fl-45"/>
      </object_component>
      <object_component id="oc-eb">
         <name>.cinit</name>
         <load_address>0x3ee897</load_address>
         <run_address>0x3ee897</run_address>
         <size>0x4</size>
         <input_file_ref idref="fl-17"/>
      </object_component>
      <object_component id="oc-d3">
         <name>.cinit</name>
         <load_address>0x3ee89b</load_address>
         <run_address>0x3ee89b</run_address>
         <size>0x4</size>
         <input_file_ref idref="fl-13"/>
      </object_component>
      <object_component id="oc-18c">
         <name>.text</name>
         <load_address>0x3ea186</load_address>
         <run_address>0x3ea186</run_address>
         <size>0xc09</size>
         <input_file_ref idref="fl-1d"/>
      </object_component>
      <object_component id="oc-1a6">
         <name>.text</name>
         <load_address>0x3ead8f</load_address>
         <run_address>0x3ead8f</run_address>
         <size>0x6b2</size>
         <input_file_ref idref="fl-13"/>
      </object_component>
      <object_component id="oc-1ab">
         <name>.text</name>
         <load_address>0x3eb441</load_address>
         <run_address>0x3eb441</run_address>
         <size>0x696</size>
         <input_file_ref idref="fl-10"/>
      </object_component>
      <object_component id="oc-18f">
         <name>.text</name>
         <load_address>0x3ebad7</load_address>
         <run_address>0x3ebad7</run_address>
         <size>0x474</size>
         <input_file_ref idref="fl-1c"/>
      </object_component>
      <object_component id="oc-1a3">
         <name>.text</name>
         <load_address>0x3ebf4b</load_address>
         <run_address>0x3ebf4b</run_address>
         <size>0x3c3</size>
         <input_file_ref idref="fl-1f"/>
      </object_component>
      <object_component id="oc-1a2">
         <name>.text</name>
         <load_address>0x3ec30e</load_address>
         <run_address>0x3ec30e</run_address>
         <size>0x38b</size>
         <input_file_ref idref="fl-19"/>
      </object_component>
      <object_component id="oc-190">
         <name>.text</name>
         <load_address>0x3ec699</load_address>
         <run_address>0x3ec699</run_address>
         <size>0x2ee</size>
         <input_file_ref idref="fl-1b"/>
      </object_component>
      <object_component id="oc-1a4">
         <name>.text</name>
         <load_address>0x3ec987</load_address>
         <run_address>0x3ec987</run_address>
         <size>0x285</size>
         <input_file_ref idref="fl-18"/>
      </object_component>
      <object_component id="oc-194">
         <name>.text</name>
         <load_address>0x3ecc0c</load_address>
         <run_address>0x3ecc0c</run_address>
         <size>0x23e</size>
         <input_file_ref idref="fl-3"/>
      </object_component>
      <object_component id="oc-18a">
         <name>.text</name>
         <load_address>0x3ece4a</load_address>
         <run_address>0x3ece4a</run_address>
         <size>0x205</size>
         <input_file_ref idref="fl-27"/>
      </object_component>
      <object_component id="oc-19b">
         <name>.text</name>
         <load_address>0x3ed04f</load_address>
         <run_address>0x3ed04f</run_address>
         <size>0x1ce</size>
         <input_file_ref idref="fl-9"/>
      </object_component>
      <object_component id="oc-60">
         <name>.text:retain</name>
         <load_address>0x3ed21d</load_address>
         <run_address>0x3ed21d</run_address>
         <size>0x1cc</size>
         <input_file_ref idref="fl-6"/>
      </object_component>
      <object_component id="oc-1a7">
         <name>.text</name>
         <load_address>0x3ed3e9</load_address>
         <run_address>0x3ed3e9</run_address>
         <size>0x1b6</size>
         <input_file_ref idref="fl-f"/>
      </object_component>
      <object_component id="oc-19a">
         <name>.text</name>
         <load_address>0x3ed59f</load_address>
         <run_address>0x3ed59f</run_address>
         <size>0x189</size>
         <input_file_ref idref="fl-d"/>
      </object_component>
      <object_component id="oc-196">
         <name>.text</name>
         <load_address>0x3ed728</load_address>
         <run_address>0x3ed728</run_address>
         <size>0x161</size>
         <input_file_ref idref="fl-7"/>
      </object_component>
      <object_component id="oc-166">
         <name>.text</name>
         <load_address>0x3ed889</load_address>
         <run_address>0x3ed889</run_address>
         <size>0x107</size>
         <input_file_ref idref="fl-43"/>
      </object_component>
      <object_component id="oc-191">
         <name>.text</name>
         <load_address>0x3ed990</load_address>
         <run_address>0x3ed990</run_address>
         <size>0xd6</size>
         <input_file_ref idref="fl-14"/>
      </object_component>
      <object_component id="oc-192">
         <name>.text</name>
         <load_address>0x3eda66</load_address>
         <run_address>0x3eda66</run_address>
         <size>0xa8</size>
         <input_file_ref idref="fl-15"/>
      </object_component>
      <object_component id="oc-19f">
         <name>.text</name>
         <load_address>0x3edb0e</load_address>
         <run_address>0x3edb0e</run_address>
         <size>0x94</size>
         <input_file_ref idref="fl-11"/>
      </object_component>
      <object_component id="oc-198">
         <name>.text</name>
         <load_address>0x3edba2</load_address>
         <run_address>0x3edba2</run_address>
         <size>0x86</size>
         <input_file_ref idref="fl-20"/>
      </object_component>
      <object_component id="oc-13e">
         <name>.text</name>
         <load_address>0x3edc28</load_address>
         <run_address>0x3edc28</run_address>
         <size>0x83</size>
         <input_file_ref idref="fl-39"/>
      </object_component>
      <object_component id="oc-14a">
         <name>.text</name>
         <load_address>0x3edcab</load_address>
         <run_address>0x3edcab</run_address>
         <size>0x83</size>
         <input_file_ref idref="fl-3c"/>
      </object_component>
      <object_component id="oc-146">
         <name>.text</name>
         <load_address>0x3edd2e</load_address>
         <run_address>0x3edd2e</run_address>
         <size>0x78</size>
         <input_file_ref idref="fl-3b"/>
      </object_component>
      <object_component id="oc-1a9">
         <name>.text</name>
         <load_address>0x3edda6</load_address>
         <run_address>0x3edda6</run_address>
         <size>0x5c</size>
         <input_file_ref idref="fl-17"/>
      </object_component>
      <object_component id="oc-14e">
         <name>.text</name>
         <load_address>0x3ede02</load_address>
         <run_address>0x3ede02</run_address>
         <size>0x5a</size>
         <input_file_ref idref="fl-3d"/>
      </object_component>
      <object_component id="oc-18b">
         <name>.text</name>
         <load_address>0x3ede5c</load_address>
         <run_address>0x3ede5c</run_address>
         <size>0x49</size>
         <input_file_ref idref="fl-1a"/>
      </object_component>
      <object_component id="oc-4d">
         <name>.text</name>
         <load_address>0x3edea5</load_address>
         <run_address>0x3edea5</run_address>
         <size>0x44</size>
         <input_file_ref idref="fl-37"/>
      </object_component>
      <object_component id="oc-1aa">
         <name>.text</name>
         <load_address>0x3edee9</load_address>
         <run_address>0x3edee9</run_address>
         <size>0x2c</size>
         <input_file_ref idref="fl-45"/>
      </object_component>
      <object_component id="oc-195">
         <name>.text</name>
         <load_address>0x3edf15</load_address>
         <run_address>0x3edf15</run_address>
         <size>0x2b</size>
         <input_file_ref idref="fl-2"/>
      </object_component>
      <object_component id="oc-15e">
         <name>.text</name>
         <load_address>0x3edf40</load_address>
         <run_address>0x3edf40</run_address>
         <size>0x2a</size>
         <input_file_ref idref="fl-41"/>
      </object_component>
      <object_component id="oc-19c">
         <name>.text</name>
         <load_address>0x3edf6a</load_address>
         <run_address>0x3edf6a</run_address>
         <size>0x28</size>
         <input_file_ref idref="fl-a"/>
      </object_component>
      <object_component id="oc-19d">
         <name>.text</name>
         <load_address>0x3edf92</load_address>
         <run_address>0x3edf92</run_address>
         <size>0x25</size>
         <input_file_ref idref="fl-b"/>
      </object_component>
      <object_component id="oc-15a">
         <name>.text</name>
         <load_address>0x3edfb7</load_address>
         <run_address>0x3edfb7</run_address>
         <size>0x22</size>
         <input_file_ref idref="fl-40"/>
      </object_component>
      <object_component id="oc-142">
         <name>.text</name>
         <load_address>0x3edfd9</load_address>
         <run_address>0x3edfd9</run_address>
         <size>0x1f</size>
         <input_file_ref idref="fl-3a"/>
      </object_component>
      <object_component id="oc-156">
         <name>.text</name>
         <load_address>0x3edff8</load_address>
         <run_address>0x3edff8</run_address>
         <size>0x1d</size>
         <input_file_ref idref="fl-3f"/>
      </object_component>
      <object_component id="oc-152">
         <name>.text</name>
         <load_address>0x3ee015</load_address>
         <run_address>0x3ee015</run_address>
         <size>0x1c</size>
         <input_file_ref idref="fl-3e"/>
      </object_component>
      <object_component id="oc-162">
         <name>.text</name>
         <load_address>0x3ee031</load_address>
         <run_address>0x3ee031</run_address>
         <size>0x1a</size>
         <input_file_ref idref="fl-42"/>
      </object_component>
      <object_component id="oc-186">
         <name>.text</name>
         <load_address>0x3ee04b</load_address>
         <run_address>0x3ee04b</run_address>
         <size>0x19</size>
         <input_file_ref idref="fl-49"/>
      </object_component>
      <object_component id="oc-187">
         <name>.text</name>
         <load_address>0x3ee064</load_address>
         <run_address>0x3ee064</run_address>
         <size>0x19</size>
         <input_file_ref idref="fl-38"/>
      </object_component>
      <object_component id="oc-16a">
         <name>.text</name>
         <load_address>0x3ee07d</load_address>
         <run_address>0x3ee07d</run_address>
         <size>0x14</size>
         <input_file_ref idref="fl-44"/>
      </object_component>
      <object_component id="oc-178">
         <name>.text</name>
         <load_address>0x3ee091</load_address>
         <run_address>0x3ee091</run_address>
         <size>0x13</size>
         <input_file_ref idref="fl-47"/>
      </object_component>
      <object_component id="oc-174">
         <name>.text</name>
         <load_address>0x3ee0a4</load_address>
         <run_address>0x3ee0a4</run_address>
         <size>0x10</size>
         <input_file_ref idref="fl-46"/>
      </object_component>
      <object_component id="oc-18e">
         <name>.text</name>
         <load_address>0x3ee0b4</load_address>
         <run_address>0x3ee0b4</run_address>
         <size>0x9</size>
         <input_file_ref idref="fl-48"/>
      </object_component>
      <object_component id="oc-5a">
         <name>.text</name>
         <load_address>0x3ee0bd</load_address>
         <run_address>0x3ee0bd</run_address>
         <size>0x8</size>
         <input_file_ref idref="fl-5"/>
      </object_component>
      <object_component id="oc-5b">
         <name>codestart</name>
         <load_address>0x3f5ff6</load_address>
         <run_address>0x3f5ff6</run_address>
         <size>0x2</size>
         <input_file_ref idref="fl-5"/>
      </object_component>
      <object_component id="oc-18d">
         <name>ramfuncs</name>
         <load_address>0x3e8000</load_address>
         <run_address>0x8000</run_address>
         <size>0x1191</size>
         <input_file_ref idref="fl-1d"/>
      </object_component>
      <object_component id="oc-1a0">
         <name>ramfuncs</name>
         <load_address>0x3e9191</load_address>
         <run_address>0x9191</run_address>
         <size>0x3db</size>
         <input_file_ref idref="fl-1e"/>
      </object_component>
      <object_component id="oc-188">
         <name>ramfuncs</name>
         <load_address>0x3e956c</load_address>
         <run_address>0x956c</run_address>
         <size>0x345</size>
         <input_file_ref idref="fl-15"/>
      </object_component>
      <object_component id="oc-1a1">
         <name>ramfuncs</name>
         <load_address>0x3e98b1</load_address>
         <run_address>0x98b1</run_address>
         <size>0x1d1</size>
         <input_file_ref idref="fl-1c"/>
      </object_component>
      <object_component id="oc-197">
         <name>ramfuncs</name>
         <load_address>0x3e9a82</load_address>
         <run_address>0x9a82</run_address>
         <size>0x1b5</size>
         <input_file_ref idref="fl-20"/>
      </object_component>
      <object_component id="oc-189">
         <name>ramfuncs</name>
         <load_address>0x3e9c37</load_address>
         <run_address>0x9c37</run_address>
         <size>0x185</size>
         <input_file_ref idref="fl-18"/>
      </object_component>
      <object_component id="oc-e1">
         <name>ramfuncs:retain</name>
         <load_address>0x3e9dbc</load_address>
         <run_address>0x9dbc</run_address>
         <size>0x12a</size>
         <input_file_ref idref="fl-15"/>
      </object_component>
      <object_component id="oc-e6">
         <name>ramfuncs:retain</name>
         <load_address>0x3e9ee6</load_address>
         <run_address>0x9ee6</run_address>
         <size>0xf8</size>
         <input_file_ref idref="fl-16"/>
      </object_component>
      <object_component id="oc-193">
         <name>ramfuncs</name>
         <load_address>0x3e9fde</load_address>
         <run_address>0x9fde</run_address>
         <size>0xe9</size>
         <input_file_ref idref="fl-1b"/>
      </object_component>
      <object_component id="oc-1a5">
         <name>ramfuncs</name>
         <load_address>0x3ea0c7</load_address>
         <run_address>0xa0c7</run_address>
         <size>0x63</size>
         <input_file_ref idref="fl-17"/>
      </object_component>
      <object_component id="oc-112">
         <name>ramfuncs:retain</name>
         <load_address>0x3ea12a</load_address>
         <run_address>0xa12a</run_address>
         <size>0x3d</size>
         <input_file_ref idref="fl-1d"/>
      </object_component>
      <object_component id="oc-19e">
         <name>ramfuncs</name>
         <load_address>0x3ea167</load_address>
         <run_address>0xa167</run_address>
         <size>0x1b</size>
         <input_file_ref idref="fl-d"/>
      </object_component>
      <object_component id="oc-b8">
         <name>ramfuncs</name>
         <load_address>0x3ea182</load_address>
         <run_address>0xa182</run_address>
         <size>0x4</size>
         <input_file_ref idref="fl-e"/>
      </object_component>
      <object_component id="oc-58">
         <name>csmpasswds</name>
         <load_address>0x3f5ff8</load_address>
         <run_address>0x3f5ff8</run_address>
         <size>0x8</size>
         <input_file_ref idref="fl-4"/>
      </object_component>
      <object_component id="oc-59">
         <name>csm_rsvd</name>
         <load_address>0x3f5f80</load_address>
         <run_address>0x3f5f80</run_address>
         <size>0x76</size>
         <input_file_ref idref="fl-4"/>
      </object_component>
      <object_component id="oc-133">
         <name>.stack</name>
         <uninitialized>true</uninitialized>
         <run_address>0x50</run_address>
         <size>0x0</size>
         <input_file_ref idref="fl-37"/>
      </object_component>
      <object_component id="oc-201">
         <name>.stack</name>
         <uninitialized>true</uninitialized>
         <run_address>0x50</run_address>
         <size>0x0</size>
      </object_component>
      <object_component id="oc-50">
         <name>.ebss</name>
         <uninitialized>true</uninitialized>
         <run_address>0xc928</run_address>
         <size>0x18</size>
         <input_file_ref idref="fl-2"/>
      </object_component>
      <object_component id="oc-be">
         <name>.ebss</name>
         <uninitialized>true</uninitialized>
         <run_address>0xcadc</run_address>
         <size>0x1b</size>
         <input_file_ref idref="fl-f"/>
      </object_component>
      <object_component id="oc-c4">
         <name>.ebss</name>
         <uninitialized>true</uninitialized>
         <run_address>0xcb00</run_address>
         <size>0x1b</size>
         <input_file_ref idref="fl-10"/>
      </object_component>
      <object_component id="oc-ca">
         <name>.ebss</name>
         <uninitialized>true</uninitialized>
         <run_address>0xc748</run_address>
         <size>0x32</size>
         <input_file_ref idref="fl-11"/>
      </object_component>
      <object_component id="oc-d4">
         <name>.ebss</name>
         <uninitialized>true</uninitialized>
         <run_address>0xc940</run_address>
         <size>0xa0</size>
         <input_file_ref idref="fl-13"/>
      </object_component>
      <object_component id="oc-da">
         <name>.ebss</name>
         <uninitialized>true</uninitialized>
         <run_address>0xc87c</run_address>
         <size>0x3</size>
         <input_file_ref idref="fl-14"/>
      </object_component>
      <object_component id="oc-e0">
         <name>.ebss</name>
         <uninitialized>true</uninitialized>
         <run_address>0xc842</run_address>
         <size>0x31</size>
         <input_file_ref idref="fl-15"/>
      </object_component>
      <object_component id="oc-ec">
         <name>.ebss</name>
         <uninitialized>true</uninitialized>
         <run_address>0xc873</run_address>
         <size>0x1</size>
         <input_file_ref idref="fl-17"/>
      </object_component>
      <object_component id="oc-f2">
         <name>.ebss</name>
         <uninitialized>true</uninitialized>
         <run_address>0xc77a</run_address>
         <size>0x6</size>
         <input_file_ref idref="fl-18"/>
      </object_component>
      <object_component id="oc-f8">
         <name>.ebss</name>
         <uninitialized>true</uninitialized>
         <run_address>0xca80</run_address>
         <size>0x29</size>
         <input_file_ref idref="fl-19"/>
      </object_component>
      <object_component id="oc-fe">
         <name>.ebss</name>
         <uninitialized>true</uninitialized>
         <run_address>0xcaaa</run_address>
         <size>0x10</size>
         <input_file_ref idref="fl-1a"/>
      </object_component>
      <object_component id="oc-104">
         <name>.ebss</name>
         <uninitialized>true</uninitialized>
         <run_address>0xc9e0</run_address>
         <size>0x1d</size>
         <input_file_ref idref="fl-1b"/>
      </object_component>
      <object_component id="oc-10a">
         <name>.ebss</name>
         <uninitialized>true</uninitialized>
         <run_address>0xca5c</run_address>
         <size>0x1c</size>
         <input_file_ref idref="fl-1c"/>
      </object_component>
      <object_component id="oc-110">
         <name>.ebss</name>
         <uninitialized>true</uninitialized>
         <run_address>0xc000</run_address>
         <size>0x748</size>
         <input_file_ref idref="fl-1d"/>
      </object_component>
      <object_component id="oc-118">
         <name>.ebss</name>
         <uninitialized>true</uninitialized>
         <run_address>0xcac0</run_address>
         <size>0x1c</size>
         <input_file_ref idref="fl-1e"/>
      </object_component>
      <object_component id="oc-11e">
         <name>.ebss</name>
         <uninitialized>true</uninitialized>
         <run_address>0xca00</run_address>
         <size>0x5c</size>
         <input_file_ref idref="fl-1f"/>
      </object_component>
      <object_component id="oc-124">
         <name>.ebss</name>
         <uninitialized>true</uninitialized>
         <run_address>0xc880</run_address>
         <size>0xa8</size>
         <input_file_ref idref="fl-20"/>
      </object_component>
      <object_component id="oc-12a">
         <name>.ebss</name>
         <uninitialized>true</uninitialized>
         <run_address>0xc780</run_address>
         <size>0xc2</size>
         <input_file_ref idref="fl-27"/>
      </object_component>
      <object_component id="oc-13a">
         <name>.ebss</name>
         <uninitialized>true</uninitialized>
         <run_address>0xc878</run_address>
         <size>0x4</size>
         <input_file_ref idref="fl-38"/>
      </object_component>
      <object_component id="oc-170">
         <name>.ebss</name>
         <uninitialized>true</uninitialized>
         <run_address>0xc9fe</run_address>
         <size>0x2</size>
         <input_file_ref idref="fl-45"/>
      </object_component>
      <object_component id="oc-17e">
         <name>.ebss</name>
         <uninitialized>true</uninitialized>
         <run_address>0xc874</run_address>
         <size>0x4</size>
         <input_file_ref idref="fl-48"/>
      </object_component>
      <object_component id="oc-ac">
         <name>.econst</name>
         <load_address>0x3ee934</load_address>
         <run_address>0x3ee934</run_address>
         <size>0x100</size>
         <input_file_ref idref="fl-b"/>
      </object_component>
      <object_component id="oc-1ac">
         <name>.econst:_square_tab$1</name>
         <load_address>0x3eea34</load_address>
         <run_address>0x3eea34</run_address>
         <size>0x100</size>
         <input_file_ref idref="fl-10"/>
      </object_component>
      <object_component id="oc-111">
         <name>.econst</name>
         <load_address>0x3eeb34</load_address>
         <run_address>0x3eeb34</run_address>
         <size>0xe</size>
         <input_file_ref idref="fl-1d"/>
      </object_component>
      <object_component id="oc-199">
         <name>.econst:_K1</name>
         <load_address>0x3eeb42</load_address>
         <run_address>0x3eeb42</run_address>
         <size>0x5</size>
         <input_file_ref idref="fl-1d"/>
      </object_component>
      <object_component id="oc-1a8">
         <name>.switch:_GZ_TEST_SM</name>
         <load_address>0x3eeb48</load_address>
         <run_address>0x3eeb48</run_address>
         <size>0x2a</size>
         <input_file_ref idref="fl-18"/>
      </object_component>
      <object_component id="oc-131">
         <name>IQmath</name>
         <load_address>0x3ee8a1</load_address>
         <run_address>0xa186</run_address>
         <size>0x42</size>
         <input_file_ref idref="fl-2a"/>
      </object_component>
      <object_component id="oc-130">
         <name>IQmath</name>
         <load_address>0x3ee8e3</load_address>
         <run_address>0xa1c8</run_address>
         <size>0x29</size>
         <input_file_ref idref="fl-29"/>
      </object_component>
      <object_component id="oc-12f">
         <name>IQmath</name>
         <load_address>0x3ee90c</load_address>
         <run_address>0xa1f1</run_address>
         <size>0x27</size>
         <input_file_ref idref="fl-28"/>
      </object_component>
      <object_component id="oc-132">
         <name>IQmathTables</name>
         <load_address>0x3fdf00</load_address>
         <run_address>0x3fdf00</run_address>
         <size>0xb50</size>
         <input_file_ref idref="fl-2b"/>
      </object_component>
      <object_component id="oc-134">
         <name>.reset</name>
         <load_address>0x3fffc0</load_address>
         <run_address>0x3fffc0</run_address>
         <size>0x2</size>
         <input_file_ref idref="fl-37"/>
      </object_component>
      <object_component id="oc-9f">
         <name>PieVectTableFile</name>
         <uninitialized>true</uninitialized>
         <run_address>0xd00</run_address>
         <size>0x100</size>
         <input_file_ref idref="fl-8"/>
      </object_component>
      <object_component id="oc-6a">
         <name>EmuKeyVar</name>
         <uninitialized>true</uninitialized>
         <run_address>0xd00</run_address>
         <size>0x1</size>
         <input_file_ref idref="fl-8"/>
      </object_component>
      <object_component id="oc-6b">
         <name>EmuBModeVar</name>
         <uninitialized>true</uninitialized>
         <run_address>0xd01</run_address>
         <size>0x1</size>
         <input_file_ref idref="fl-8"/>
      </object_component>
      <object_component id="oc-6c">
         <name>FlashCallbackVar</name>
         <uninitialized>true</uninitialized>
         <run_address>0xd02</run_address>
         <size>0x2</size>
         <input_file_ref idref="fl-8"/>
      </object_component>
      <object_component id="oc-6d">
         <name>FlashScalingVar</name>
         <uninitialized>true</uninitialized>
         <run_address>0xd04</run_address>
         <size>0x2</size>
         <input_file_ref idref="fl-8"/>
      </object_component>
      <object_component id="oc-6f">
         <name>DevEmuRegsFile</name>
         <uninitialized>true</uninitialized>
         <run_address>0x880</run_address>
         <size>0x4</size>
         <input_file_ref idref="fl-8"/>
      </object_component>
      <object_component id="oc-6e">
         <name>SysPwrCtrlRegsFile</name>
         <uninitialized>true</uninitialized>
         <run_address>0x985</run_address>
         <size>0x3</size>
         <input_file_ref idref="fl-8"/>
      </object_component>
      <object_component id="oc-70">
         <name>FlashRegsFile</name>
         <uninitialized>true</uninitialized>
         <run_address>0xa80</run_address>
         <size>0x8</size>
         <input_file_ref idref="fl-8"/>
      </object_component>
      <object_component id="oc-7a">
         <name>CsmRegsFile</name>
         <uninitialized>true</uninitialized>
         <run_address>0xae0</run_address>
         <size>0x10</size>
         <input_file_ref idref="fl-8"/>
      </object_component>
      <object_component id="oc-77">
         <name>AdcResultFile</name>
         <uninitialized>true</uninitialized>
         <run_address>0xb00</run_address>
         <size>0x10</size>
         <input_file_ref idref="fl-8"/>
      </object_component>
      <object_component id="oc-71">
         <name>CpuTimer0RegsFile</name>
         <uninitialized>true</uninitialized>
         <run_address>0xc00</run_address>
         <size>0x8</size>
         <input_file_ref idref="fl-8"/>
      </object_component>
      <object_component id="oc-74">
         <name>CpuTimer1RegsFile</name>
         <uninitialized>true</uninitialized>
         <run_address>0xc08</run_address>
         <size>0x8</size>
         <input_file_ref idref="fl-8"/>
      </object_component>
      <object_component id="oc-72">
         <name>CpuTimer2RegsFile</name>
         <uninitialized>true</uninitialized>
         <run_address>0xc10</run_address>
         <size>0x8</size>
         <input_file_ref idref="fl-8"/>
      </object_component>
      <object_component id="oc-80">
         <name>PieCtrlRegsFile</name>
         <uninitialized>true</uninitialized>
         <run_address>0xce0</run_address>
         <size>0x1a</size>
         <input_file_ref idref="fl-8"/>
      </object_component>
      <object_component id="oc-95">
         <name>Cla1RegsFile</name>
         <uninitialized>true</uninitialized>
         <run_address>0x1400</run_address>
         <size>0x40</size>
         <input_file_ref idref="fl-8"/>
      </object_component>
      <object_component id="oc-9e">
         <name>DmaRegsFile</name>
         <uninitialized>true</uninitialized>
         <run_address>0x1000</run_address>
         <size>0xe0</size>
         <input_file_ref idref="fl-8"/>
      </object_component>
      <object_component id="oc-8f">
         <name>ECanaRegsFile</name>
         <uninitialized>true</uninitialized>
         <run_address>0x6000</run_address>
         <size>0x34</size>
         <input_file_ref idref="fl-8"/>
      </object_component>
      <object_component id="oc-93">
         <name>ECanaLAMRegsFile</name>
         <uninitialized>true</uninitialized>
         <run_address>0x6040</run_address>
         <size>0x40</size>
         <input_file_ref idref="fl-8"/>
      </object_component>
      <object_component id="oc-a0">
         <name>ECanaMboxesFile</name>
         <uninitialized>true</uninitialized>
         <run_address>0x6100</run_address>
         <size>0x100</size>
         <input_file_ref idref="fl-8"/>
      </object_component>
      <object_component id="oc-94">
         <name>ECanaMOTSRegsFile</name>
         <uninitialized>true</uninitialized>
         <run_address>0x6080</run_address>
         <size>0x40</size>
         <input_file_ref idref="fl-8"/>
      </object_component>
      <object_component id="oc-90">
         <name>ECanaMOTORegsFile</name>
         <uninitialized>true</uninitialized>
         <run_address>0x60c0</run_address>
         <size>0x40</size>
         <input_file_ref idref="fl-8"/>
      </object_component>
      <object_component id="oc-88">
         <name>ECap1RegsFile</name>
         <uninitialized>true</uninitialized>
         <run_address>0x6a00</run_address>
         <size>0x20</size>
         <input_file_ref idref="fl-8"/>
      </object_component>
      <object_component id="oc-87">
         <name>ECap2RegsFile</name>
         <uninitialized>true</uninitialized>
         <run_address>0x6a20</run_address>
         <size>0x20</size>
         <input_file_ref idref="fl-8"/>
      </object_component>
      <object_component id="oc-89">
         <name>ECap3RegsFile</name>
         <uninitialized>true</uninitialized>
         <run_address>0x6a40</run_address>
         <size>0x20</size>
         <input_file_ref idref="fl-8"/>
      </object_component>
      <object_component id="oc-8c">
         <name>EQep1RegsFile</name>
         <uninitialized>true</uninitialized>
         <run_address>0x6b00</run_address>
         <size>0x22</size>
         <input_file_ref idref="fl-8"/>
      </object_component>
      <object_component id="oc-8a">
         <name>EQep2RegsFile</name>
         <uninitialized>true</uninitialized>
         <run_address>0x6b40</run_address>
         <size>0x22</size>
         <input_file_ref idref="fl-8"/>
      </object_component>
      <object_component id="oc-98">
         <name>GpioCtrlRegsFile</name>
         <uninitialized>true</uninitialized>
         <run_address>0x6f80</run_address>
         <size>0x40</size>
         <input_file_ref idref="fl-8"/>
      </object_component>
      <object_component id="oc-82">
         <name>GpioDataRegsFile</name>
         <uninitialized>true</uninitialized>
         <run_address>0x6fc0</run_address>
         <size>0x20</size>
         <input_file_ref idref="fl-8"/>
      </object_component>
      <object_component id="oc-81">
         <name>GpioIntRegsFile</name>
         <uninitialized>true</uninitialized>
         <run_address>0x6fe0</run_address>
         <size>0x20</size>
         <input_file_ref idref="fl-8"/>
      </object_component>
      <object_component id="oc-85">
         <name>HRCap1RegsFile</name>
         <uninitialized>true</uninitialized>
         <run_address>0x6ac0</run_address>
         <size>0x20</size>
         <input_file_ref idref="fl-8"/>
      </object_component>
      <object_component id="oc-86">
         <name>HRCap2RegsFile</name>
         <uninitialized>true</uninitialized>
         <run_address>0x6ae0</run_address>
         <size>0x20</size>
         <input_file_ref idref="fl-8"/>
      </object_component>
      <object_component id="oc-83">
         <name>HRCap3RegsFile</name>
         <uninitialized>true</uninitialized>
         <run_address>0x6c80</run_address>
         <size>0x20</size>
         <input_file_ref idref="fl-8"/>
      </object_component>
      <object_component id="oc-84">
         <name>HRCap4RegsFile</name>
         <uninitialized>true</uninitialized>
         <run_address>0x6ca0</run_address>
         <size>0x20</size>
         <input_file_ref idref="fl-8"/>
      </object_component>
      <object_component id="oc-8e">
         <name>SysCtrlRegsFile</name>
         <uninitialized>true</uninitialized>
         <run_address>0x7010</run_address>
         <size>0x30</size>
         <input_file_ref idref="fl-8"/>
      </object_component>
      <object_component id="oc-76">
         <name>SpiaRegsFile</name>
         <uninitialized>true</uninitialized>
         <run_address>0x7040</run_address>
         <size>0x10</size>
         <input_file_ref idref="fl-8"/>
      </object_component>
      <object_component id="oc-7b">
         <name>SpibRegsFile</name>
         <uninitialized>true</uninitialized>
         <run_address>0x7740</run_address>
         <size>0x10</size>
         <input_file_ref idref="fl-8"/>
      </object_component>
      <object_component id="oc-78">
         <name>SciaRegsFile</name>
         <uninitialized>true</uninitialized>
         <run_address>0x7050</run_address>
         <size>0x10</size>
         <input_file_ref idref="fl-8"/>
      </object_component>
      <object_component id="oc-75">
         <name>ScibRegsFile</name>
         <uninitialized>true</uninitialized>
         <run_address>0x7750</run_address>
         <size>0x10</size>
         <input_file_ref idref="fl-8"/>
      </object_component>
      <object_component id="oc-79">
         <name>NmiIntruptRegsFile</name>
         <uninitialized>true</uninitialized>
         <run_address>0x7060</run_address>
         <size>0x10</size>
         <input_file_ref idref="fl-8"/>
      </object_component>
      <object_component id="oc-7c">
         <name>XIntruptRegsFile</name>
         <uninitialized>true</uninitialized>
         <run_address>0x7070</run_address>
         <size>0x10</size>
         <input_file_ref idref="fl-8"/>
      </object_component>
      <object_component id="oc-9d">
         <name>AdcRegsFile</name>
         <uninitialized>true</uninitialized>
         <run_address>0x7100</run_address>
         <size>0x50</size>
         <input_file_ref idref="fl-8"/>
      </object_component>
      <object_component id="oc-8b">
         <name>I2caRegsFile</name>
         <uninitialized>true</uninitialized>
         <run_address>0x7900</run_address>
         <size>0x22</size>
         <input_file_ref idref="fl-8"/>
      </object_component>
      <object_component id="oc-7e">
         <name>Comp1RegsFile</name>
         <uninitialized>true</uninitialized>
         <run_address>0x6400</run_address>
         <size>0x14</size>
         <input_file_ref idref="fl-8"/>
      </object_component>
      <object_component id="oc-7d">
         <name>Comp2RegsFile</name>
         <uninitialized>true</uninitialized>
         <run_address>0x6420</run_address>
         <size>0x14</size>
         <input_file_ref idref="fl-8"/>
      </object_component>
      <object_component id="oc-7f">
         <name>Comp3RegsFile</name>
         <uninitialized>true</uninitialized>
         <run_address>0x6440</run_address>
         <size>0x14</size>
         <input_file_ref idref="fl-8"/>
      </object_component>
      <object_component id="oc-92">
         <name>EPwm1RegsFile</name>
         <uninitialized>true</uninitialized>
         <run_address>0x6800</run_address>
         <size>0x40</size>
         <input_file_ref idref="fl-8"/>
      </object_component>
      <object_component id="oc-91">
         <name>EPwm2RegsFile</name>
         <uninitialized>true</uninitialized>
         <run_address>0x6840</run_address>
         <size>0x40</size>
         <input_file_ref idref="fl-8"/>
      </object_component>
      <object_component id="oc-9c">
         <name>EPwm3RegsFile</name>
         <uninitialized>true</uninitialized>
         <run_address>0x6880</run_address>
         <size>0x40</size>
         <input_file_ref idref="fl-8"/>
      </object_component>
      <object_component id="oc-9a">
         <name>EPwm4RegsFile</name>
         <uninitialized>true</uninitialized>
         <run_address>0x68c0</run_address>
         <size>0x40</size>
         <input_file_ref idref="fl-8"/>
      </object_component>
      <object_component id="oc-9b">
         <name>EPwm5RegsFile</name>
         <uninitialized>true</uninitialized>
         <run_address>0x6900</run_address>
         <size>0x40</size>
         <input_file_ref idref="fl-8"/>
      </object_component>
      <object_component id="oc-97">
         <name>EPwm6RegsFile</name>
         <uninitialized>true</uninitialized>
         <run_address>0x6940</run_address>
         <size>0x40</size>
         <input_file_ref idref="fl-8"/>
      </object_component>
      <object_component id="oc-96">
         <name>EPwm7RegsFile</name>
         <uninitialized>true</uninitialized>
         <run_address>0x6980</run_address>
         <size>0x40</size>
         <input_file_ref idref="fl-8"/>
      </object_component>
      <object_component id="oc-99">
         <name>EPwm8RegsFile</name>
         <uninitialized>true</uninitialized>
         <run_address>0x69c0</run_address>
         <size>0x40</size>
         <input_file_ref idref="fl-8"/>
      </object_component>
      <object_component id="oc-8d">
         <name>McbspaRegsFile</name>
         <uninitialized>true</uninitialized>
         <run_address>0x5000</run_address>
         <size>0x24</size>
         <input_file_ref idref="fl-8"/>
      </object_component>
      <object_component id="oc-a1">
         <name>Usb0RegsFile</name>
         <uninitialized>true</uninitialized>
         <run_address>0x4000</run_address>
         <size>0x454</size>
         <input_file_ref idref="fl-8"/>
      </object_component>
      <object_component id="oc-73">
         <name>CsmPwlFile</name>
         <uninitialized>true</uninitialized>
         <run_address>0x3f7ff8</run_address>
         <size>0x8</size>
         <input_file_ref idref="fl-8"/>
      </object_component>
      <object_component id="oc-69">
         <name>PartIdRegsFile</name>
         <uninitialized>true</uninitialized>
         <run_address>0x3d7e80</run_address>
         <size>0x1</size>
         <input_file_ref idref="fl-8"/>
      </object_component>
      <object_component id="oc-4e">
         <name>.debug_info</name>
         <load_address>0x0</load_address>
         <run_address>0x0</run_address>
         <size>0x73cc</size>
         <input_file_ref idref="fl-2"/>
      </object_component>
      <object_component id="oc-54">
         <name>.debug_info</name>
         <load_address>0x73cc</load_address>
         <run_address>0x73cc</run_address>
         <size>0x4ad2</size>
         <input_file_ref idref="fl-3"/>
      </object_component>
      <object_component id="oc-5c">
         <name>.debug_info</name>
         <load_address>0xbe9e</load_address>
         <run_address>0xbe9e</run_address>
         <size>0x152</size>
         <input_file_ref idref="fl-5"/>
      </object_component>
      <object_component id="oc-5f">
         <name>.debug_info</name>
         <load_address>0xbff0</load_address>
         <run_address>0xbff0</run_address>
         <size>0x30b2</size>
         <input_file_ref idref="fl-6"/>
      </object_component>
      <object_component id="oc-64">
         <name>.debug_info</name>
         <load_address>0xf0a2</load_address>
         <run_address>0xf0a2</run_address>
         <size>0x87f9</size>
         <input_file_ref idref="fl-7"/>
      </object_component>
      <object_component id="oc-68">
         <name>.debug_info</name>
         <load_address>0x1789b</load_address>
         <run_address>0x1789b</run_address>
         <size>0x1a6b7</size>
         <input_file_ref idref="fl-8"/>
      </object_component>
      <object_component id="oc-a3">
         <name>.debug_info</name>
         <load_address>0x31f52</load_address>
         <run_address>0x31f52</run_address>
         <size>0x19a3</size>
         <input_file_ref idref="fl-9"/>
      </object_component>
      <object_component id="oc-a7">
         <name>.debug_info</name>
         <load_address>0x338f5</load_address>
         <run_address>0x338f5</run_address>
         <size>0xac5</size>
         <input_file_ref idref="fl-a"/>
      </object_component>
      <object_component id="oc-ab">
         <name>.debug_info</name>
         <load_address>0x343ba</load_address>
         <run_address>0x343ba</run_address>
         <size>0x23df</size>
         <input_file_ref idref="fl-b"/>
      </object_component>
      <object_component id="oc-b0">
         <name>.debug_info</name>
         <load_address>0x36799</load_address>
         <run_address>0x36799</run_address>
         <size>0x1794</size>
         <input_file_ref idref="fl-c"/>
      </object_component>
      <object_component id="oc-b4">
         <name>.debug_info</name>
         <load_address>0x37f2d</load_address>
         <run_address>0x37f2d</run_address>
         <size>0x2a25</size>
         <input_file_ref idref="fl-d"/>
      </object_component>
      <object_component id="oc-b9">
         <name>.debug_info</name>
         <load_address>0x3a952</load_address>
         <run_address>0x3a952</run_address>
         <size>0x106</size>
         <input_file_ref idref="fl-e"/>
      </object_component>
      <object_component id="oc-bc">
         <name>.debug_info</name>
         <load_address>0x3aa58</load_address>
         <run_address>0x3aa58</run_address>
         <size>0x124c</size>
         <input_file_ref idref="fl-f"/>
      </object_component>
      <object_component id="oc-c2">
         <name>.debug_info</name>
         <load_address>0x3bca4</load_address>
         <run_address>0x3bca4</run_address>
         <size>0x16f5</size>
         <input_file_ref idref="fl-10"/>
      </object_component>
      <object_component id="oc-c8">
         <name>.debug_info</name>
         <load_address>0x3d399</load_address>
         <run_address>0x3d399</run_address>
         <size>0x298f</size>
         <input_file_ref idref="fl-11"/>
      </object_component>
      <object_component id="oc-ce">
         <name>.debug_info</name>
         <load_address>0x3fd28</load_address>
         <run_address>0x3fd28</run_address>
         <size>0x3b4</size>
         <input_file_ref idref="fl-12"/>
      </object_component>
      <object_component id="oc-d2">
         <name>.debug_info</name>
         <load_address>0x400dc</load_address>
         <run_address>0x400dc</run_address>
         <size>0x3312</size>
         <input_file_ref idref="fl-13"/>
      </object_component>
      <object_component id="oc-d8">
         <name>.debug_info</name>
         <load_address>0x433ee</load_address>
         <run_address>0x433ee</run_address>
         <size>0x15be</size>
         <input_file_ref idref="fl-14"/>
      </object_component>
      <object_component id="oc-de">
         <name>.debug_info</name>
         <load_address>0x449ac</load_address>
         <run_address>0x449ac</run_address>
         <size>0x9999</size>
         <input_file_ref idref="fl-15"/>
      </object_component>
      <object_component id="oc-e5">
         <name>.debug_info</name>
         <load_address>0x4e345</load_address>
         <run_address>0x4e345</run_address>
         <size>0x18a6</size>
         <input_file_ref idref="fl-16"/>
      </object_component>
      <object_component id="oc-ea">
         <name>.debug_info</name>
         <load_address>0x4fbeb</load_address>
         <run_address>0x4fbeb</run_address>
         <size>0x12e7</size>
         <input_file_ref idref="fl-17"/>
      </object_component>
      <object_component id="oc-f0">
         <name>.debug_info</name>
         <load_address>0x50ed2</load_address>
         <run_address>0x50ed2</run_address>
         <size>0x2956</size>
         <input_file_ref idref="fl-18"/>
      </object_component>
      <object_component id="oc-f6">
         <name>.debug_info</name>
         <load_address>0x53828</load_address>
         <run_address>0x53828</run_address>
         <size>0x50e5</size>
         <input_file_ref idref="fl-19"/>
      </object_component>
      <object_component id="oc-fc">
         <name>.debug_info</name>
         <load_address>0x5890d</load_address>
         <run_address>0x5890d</run_address>
         <size>0xa52</size>
         <input_file_ref idref="fl-1a"/>
      </object_component>
      <object_component id="oc-102">
         <name>.debug_info</name>
         <load_address>0x5935f</load_address>
         <run_address>0x5935f</run_address>
         <size>0x3285</size>
         <input_file_ref idref="fl-1b"/>
      </object_component>
      <object_component id="oc-108">
         <name>.debug_info</name>
         <load_address>0x5c5e4</load_address>
         <run_address>0x5c5e4</run_address>
         <size>0x68a7</size>
         <input_file_ref idref="fl-1c"/>
      </object_component>
      <object_component id="oc-10e">
         <name>.debug_info</name>
         <load_address>0x62e8b</load_address>
         <run_address>0x62e8b</run_address>
         <size>0xc711</size>
         <input_file_ref idref="fl-1d"/>
      </object_component>
      <object_component id="oc-116">
         <name>.debug_info</name>
         <load_address>0x6f59c</load_address>
         <run_address>0x6f59c</run_address>
         <size>0x4a58</size>
         <input_file_ref idref="fl-1e"/>
      </object_component>
      <object_component id="oc-11c">
         <name>.debug_info</name>
         <load_address>0x73ff4</load_address>
         <run_address>0x73ff4</run_address>
         <size>0x2831</size>
         <input_file_ref idref="fl-1f"/>
      </object_component>
      <object_component id="oc-122">
         <name>.debug_info</name>
         <load_address>0x76825</load_address>
         <run_address>0x76825</run_address>
         <size>0x8b4</size>
         <input_file_ref idref="fl-20"/>
      </object_component>
      <object_component id="oc-128">
         <name>.debug_info</name>
         <load_address>0x770d9</load_address>
         <run_address>0x770d9</run_address>
         <size>0xc34</size>
         <input_file_ref idref="fl-27"/>
      </object_component>
      <object_component id="oc-135">
         <name>.debug_info</name>
         <load_address>0x77d0d</load_address>
         <run_address>0x77d0d</run_address>
         <size>0xdd</size>
         <input_file_ref idref="fl-37"/>
      </object_component>
      <object_component id="oc-138">
         <name>.debug_info</name>
         <load_address>0x77dea</load_address>
         <run_address>0x77dea</run_address>
         <size>0x3d7</size>
         <input_file_ref idref="fl-38"/>
      </object_component>
      <object_component id="oc-13f">
         <name>.debug_info</name>
         <load_address>0x781c1</load_address>
         <run_address>0x781c1</run_address>
         <size>0xbf</size>
         <input_file_ref idref="fl-39"/>
      </object_component>
      <object_component id="oc-143">
         <name>.debug_info</name>
         <load_address>0x78280</load_address>
         <run_address>0x78280</run_address>
         <size>0xbf</size>
         <input_file_ref idref="fl-3a"/>
      </object_component>
      <object_component id="oc-147">
         <name>.debug_info</name>
         <load_address>0x7833f</load_address>
         <run_address>0x7833f</run_address>
         <size>0xbf</size>
         <input_file_ref idref="fl-3b"/>
      </object_component>
      <object_component id="oc-14b">
         <name>.debug_info</name>
         <load_address>0x783fe</load_address>
         <run_address>0x783fe</run_address>
         <size>0xbf</size>
         <input_file_ref idref="fl-3c"/>
      </object_component>
      <object_component id="oc-14f">
         <name>.debug_info</name>
         <load_address>0x784bd</load_address>
         <run_address>0x784bd</run_address>
         <size>0xbf</size>
         <input_file_ref idref="fl-3d"/>
      </object_component>
      <object_component id="oc-153">
         <name>.debug_info</name>
         <load_address>0x7857c</load_address>
         <run_address>0x7857c</run_address>
         <size>0xc2</size>
         <input_file_ref idref="fl-3e"/>
      </object_component>
      <object_component id="oc-157">
         <name>.debug_info</name>
         <load_address>0x7863e</load_address>
         <run_address>0x7863e</run_address>
         <size>0xcb</size>
         <input_file_ref idref="fl-3f"/>
      </object_component>
      <object_component id="oc-15b">
         <name>.debug_info</name>
         <load_address>0x78709</load_address>
         <run_address>0x78709</run_address>
         <size>0xe8</size>
         <input_file_ref idref="fl-40"/>
      </object_component>
      <object_component id="oc-15f">
         <name>.debug_info</name>
         <load_address>0x787f1</load_address>
         <run_address>0x787f1</run_address>
         <size>0x144</size>
         <input_file_ref idref="fl-41"/>
      </object_component>
      <object_component id="oc-163">
         <name>.debug_info</name>
         <load_address>0x78935</load_address>
         <run_address>0x78935</run_address>
         <size>0xc5</size>
         <input_file_ref idref="fl-42"/>
      </object_component>
      <object_component id="oc-167">
         <name>.debug_info</name>
         <load_address>0x789fa</load_address>
         <run_address>0x789fa</run_address>
         <size>0x1b8</size>
         <input_file_ref idref="fl-43"/>
      </object_component>
      <object_component id="oc-16b">
         <name>.debug_info</name>
         <load_address>0x78bb2</load_address>
         <run_address>0x78bb2</run_address>
         <size>0xbf</size>
         <input_file_ref idref="fl-44"/>
      </object_component>
      <object_component id="oc-16e">
         <name>.debug_info</name>
         <load_address>0x78c71</load_address>
         <run_address>0x78c71</run_address>
         <size>0x392</size>
         <input_file_ref idref="fl-45"/>
      </object_component>
      <object_component id="oc-175">
         <name>.debug_info</name>
         <load_address>0x79003</load_address>
         <run_address>0x79003</run_address>
         <size>0xbf</size>
         <input_file_ref idref="fl-46"/>
      </object_component>
      <object_component id="oc-179">
         <name>.debug_info</name>
         <load_address>0x790c2</load_address>
         <run_address>0x790c2</run_address>
         <size>0xc2</size>
         <input_file_ref idref="fl-47"/>
      </object_component>
      <object_component id="oc-17c">
         <name>.debug_info</name>
         <load_address>0x79184</load_address>
         <run_address>0x79184</run_address>
         <size>0x3fd</size>
         <input_file_ref idref="fl-48"/>
      </object_component>
      <object_component id="oc-182">
         <name>.debug_info</name>
         <load_address>0x79581</load_address>
         <run_address>0x79581</run_address>
         <size>0x3be</size>
         <input_file_ref idref="fl-49"/>
      </object_component>
      <object_component id="oc-202">
         <name>.debug_info</name>
         <load_address>0x7993f</load_address>
         <run_address>0x7993f</run_address>
         <size>0xa4</size>
      </object_component>
      <object_component id="oc-51">
         <name>.debug_frame</name>
         <load_address>0x0</load_address>
         <run_address>0x0</run_address>
         <size>0x7c</size>
         <input_file_ref idref="fl-2"/>
      </object_component>
      <object_component id="oc-55">
         <name>.debug_frame</name>
         <load_address>0x7c</load_address>
         <run_address>0x7c</run_address>
         <size>0xf1</size>
         <input_file_ref idref="fl-3"/>
      </object_component>
      <object_component id="oc-61">
         <name>.debug_frame</name>
         <load_address>0x16d</load_address>
         <run_address>0x16d</run_address>
         <size>0x904</size>
         <input_file_ref idref="fl-6"/>
      </object_component>
      <object_component id="oc-65">
         <name>.debug_frame</name>
         <load_address>0xa71</load_address>
         <run_address>0xa71</run_address>
         <size>0xcc</size>
         <input_file_ref idref="fl-7"/>
      </object_component>
      <object_component id="oc-a4">
         <name>.debug_frame</name>
         <load_address>0xb3d</load_address>
         <run_address>0xb3d</run_address>
         <size>0x7d</size>
         <input_file_ref idref="fl-9"/>
      </object_component>
      <object_component id="oc-a8">
         <name>.debug_frame</name>
         <load_address>0xbba</load_address>
         <run_address>0xbba</run_address>
         <size>0x94</size>
         <input_file_ref idref="fl-a"/>
      </object_component>
      <object_component id="oc-ad">
         <name>.debug_frame</name>
         <load_address>0xc4e</load_address>
         <run_address>0xc4e</run_address>
         <size>0x82</size>
         <input_file_ref idref="fl-b"/>
      </object_component>
      <object_component id="oc-b1">
         <name>.debug_frame</name>
         <load_address>0xcd0</load_address>
         <run_address>0xcd0</run_address>
         <size>0x64</size>
         <input_file_ref idref="fl-c"/>
      </object_component>
      <object_component id="oc-b5">
         <name>.debug_frame</name>
         <load_address>0xd34</load_address>
         <run_address>0xd34</run_address>
         <size>0x1b5</size>
         <input_file_ref idref="fl-d"/>
      </object_component>
      <object_component id="oc-bf">
         <name>.debug_frame</name>
         <load_address>0xee9</load_address>
         <run_address>0xee9</run_address>
         <size>0x11a</size>
         <input_file_ref idref="fl-f"/>
      </object_component>
      <object_component id="oc-c5">
         <name>.debug_frame</name>
         <load_address>0x1003</load_address>
         <run_address>0x1003</run_address>
         <size>0x256</size>
         <input_file_ref idref="fl-10"/>
      </object_component>
      <object_component id="oc-cb">
         <name>.debug_frame</name>
         <load_address>0x1259</load_address>
         <run_address>0x1259</run_address>
         <size>0x12d</size>
         <input_file_ref idref="fl-11"/>
      </object_component>
      <object_component id="oc-cf">
         <name>.debug_frame</name>
         <load_address>0x1386</load_address>
         <run_address>0x1386</run_address>
         <size>0x64</size>
         <input_file_ref idref="fl-12"/>
      </object_component>
      <object_component id="oc-d5">
         <name>.debug_frame</name>
         <load_address>0x13ea</load_address>
         <run_address>0x13ea</run_address>
         <size>0x3a1</size>
         <input_file_ref idref="fl-13"/>
      </object_component>
      <object_component id="oc-db">
         <name>.debug_frame</name>
         <load_address>0x178b</load_address>
         <run_address>0x178b</run_address>
         <size>0x118</size>
         <input_file_ref idref="fl-14"/>
      </object_component>
      <object_component id="oc-e2">
         <name>.debug_frame</name>
         <load_address>0x18a3</load_address>
         <run_address>0x18a3</run_address>
         <size>0x200</size>
         <input_file_ref idref="fl-15"/>
      </object_component>
      <object_component id="oc-e7">
         <name>.debug_frame</name>
         <load_address>0x1aa3</load_address>
         <run_address>0x1aa3</run_address>
         <size>0x7d</size>
         <input_file_ref idref="fl-16"/>
      </object_component>
      <object_component id="oc-ed">
         <name>.debug_frame</name>
         <load_address>0x1b20</load_address>
         <run_address>0x1b20</run_address>
         <size>0x9c</size>
         <input_file_ref idref="fl-17"/>
      </object_component>
      <object_component id="oc-f3">
         <name>.debug_frame</name>
         <load_address>0x1bbc</load_address>
         <run_address>0x1bbc</run_address>
         <size>0xd0</size>
         <input_file_ref idref="fl-18"/>
      </object_component>
      <object_component id="oc-f9">
         <name>.debug_frame</name>
         <load_address>0x1c8c</load_address>
         <run_address>0x1c8c</run_address>
         <size>0xbe</size>
         <input_file_ref idref="fl-19"/>
      </object_component>
      <object_component id="oc-ff">
         <name>.debug_frame</name>
         <load_address>0x1d4a</load_address>
         <run_address>0x1d4a</run_address>
         <size>0xac</size>
         <input_file_ref idref="fl-1a"/>
      </object_component>
      <object_component id="oc-105">
         <name>.debug_frame</name>
         <load_address>0x1df6</load_address>
         <run_address>0x1df6</run_address>
         <size>0x26f</size>
         <input_file_ref idref="fl-1b"/>
      </object_component>
      <object_component id="oc-10b">
         <name>.debug_frame</name>
         <load_address>0x2065</load_address>
         <run_address>0x2065</run_address>
         <size>0x160</size>
         <input_file_ref idref="fl-1c"/>
      </object_component>
      <object_component id="oc-113">
         <name>.debug_frame</name>
         <load_address>0x21c5</load_address>
         <run_address>0x21c5</run_address>
         <size>0x2c7</size>
         <input_file_ref idref="fl-1d"/>
      </object_component>
      <object_component id="oc-119">
         <name>.debug_frame</name>
         <load_address>0x248c</load_address>
         <run_address>0x248c</run_address>
         <size>0x7d</size>
         <input_file_ref idref="fl-1e"/>
      </object_component>
      <object_component id="oc-11f">
         <name>.debug_frame</name>
         <load_address>0x2509</load_address>
         <run_address>0x2509</run_address>
         <size>0x124</size>
         <input_file_ref idref="fl-1f"/>
      </object_component>
      <object_component id="oc-125">
         <name>.debug_frame</name>
         <load_address>0x262d</load_address>
         <run_address>0x262d</run_address>
         <size>0xca</size>
         <input_file_ref idref="fl-20"/>
      </object_component>
      <object_component id="oc-12b">
         <name>.debug_frame</name>
         <load_address>0x26f7</load_address>
         <run_address>0x26f7</run_address>
         <size>0x132</size>
         <input_file_ref idref="fl-27"/>
      </object_component>
      <object_component id="oc-13b">
         <name>.debug_frame</name>
         <load_address>0x2829</load_address>
         <run_address>0x2829</run_address>
         <size>0x9d</size>
         <input_file_ref idref="fl-38"/>
      </object_component>
      <object_component id="oc-171">
         <name>.debug_frame</name>
         <load_address>0x28c6</load_address>
         <run_address>0x28c6</run_address>
         <size>0xa3</size>
         <input_file_ref idref="fl-45"/>
      </object_component>
      <object_component id="oc-17f">
         <name>.debug_frame</name>
         <load_address>0x2969</load_address>
         <run_address>0x2969</run_address>
         <size>0xac</size>
         <input_file_ref idref="fl-48"/>
      </object_component>
      <object_component id="oc-183">
         <name>.debug_frame</name>
         <load_address>0x2a15</load_address>
         <run_address>0x2a15</run_address>
         <size>0x7c</size>
         <input_file_ref idref="fl-49"/>
      </object_component>
      <object_component id="oc-52">
         <name>.debug_line</name>
         <load_address>0x0</load_address>
         <run_address>0x0</run_address>
         <size>0x6e</size>
         <input_file_ref idref="fl-2"/>
      </object_component>
      <object_component id="oc-56">
         <name>.debug_line</name>
         <load_address>0x6e</load_address>
         <run_address>0x6e</run_address>
         <size>0x1bd</size>
         <input_file_ref idref="fl-3"/>
      </object_component>
      <object_component id="oc-5d">
         <name>.debug_line</name>
         <load_address>0x22b</load_address>
         <run_address>0x22b</run_address>
         <size>0x6f</size>
         <input_file_ref idref="fl-5"/>
      </object_component>
      <object_component id="oc-62">
         <name>.debug_line</name>
         <load_address>0x29a</load_address>
         <run_address>0x29a</run_address>
         <size>0x932</size>
         <input_file_ref idref="fl-6"/>
      </object_component>
      <object_component id="oc-66">
         <name>.debug_line</name>
         <load_address>0xbcc</load_address>
         <run_address>0xbcc</run_address>
         <size>0x167</size>
         <input_file_ref idref="fl-7"/>
      </object_component>
      <object_component id="oc-a5">
         <name>.debug_line</name>
         <load_address>0xd33</load_address>
         <run_address>0xd33</run_address>
         <size>0xe3</size>
         <input_file_ref idref="fl-9"/>
      </object_component>
      <object_component id="oc-a9">
         <name>.debug_line</name>
         <load_address>0xe16</load_address>
         <run_address>0xe16</run_address>
         <size>0x94</size>
         <input_file_ref idref="fl-a"/>
      </object_component>
      <object_component id="oc-ae">
         <name>.debug_line</name>
         <load_address>0xeaa</load_address>
         <run_address>0xeaa</run_address>
         <size>0x78</size>
         <input_file_ref idref="fl-b"/>
      </object_component>
      <object_component id="oc-b2">
         <name>.debug_line</name>
         <load_address>0xf22</load_address>
         <run_address>0xf22</run_address>
         <size>0x40</size>
         <input_file_ref idref="fl-c"/>
      </object_component>
      <object_component id="oc-b6">
         <name>.debug_line</name>
         <load_address>0xf62</load_address>
         <run_address>0xf62</run_address>
         <size>0x249</size>
         <input_file_ref idref="fl-d"/>
      </object_component>
      <object_component id="oc-ba">
         <name>.debug_line</name>
         <load_address>0x11ab</load_address>
         <run_address>0x11ab</run_address>
         <size>0x56</size>
         <input_file_ref idref="fl-e"/>
      </object_component>
      <object_component id="oc-c0">
         <name>.debug_line</name>
         <load_address>0x1201</load_address>
         <run_address>0x1201</run_address>
         <size>0x1dd</size>
         <input_file_ref idref="fl-f"/>
      </object_component>
      <object_component id="oc-c6">
         <name>.debug_line</name>
         <load_address>0x13de</load_address>
         <run_address>0x13de</run_address>
         <size>0x4a8</size>
         <input_file_ref idref="fl-10"/>
      </object_component>
      <object_component id="oc-cc">
         <name>.debug_line</name>
         <load_address>0x1886</load_address>
         <run_address>0x1886</run_address>
         <size>0x13c</size>
         <input_file_ref idref="fl-11"/>
      </object_component>
      <object_component id="oc-d0">
         <name>.debug_line</name>
         <load_address>0x19c2</load_address>
         <run_address>0x19c2</run_address>
         <size>0x3b</size>
         <input_file_ref idref="fl-12"/>
      </object_component>
      <object_component id="oc-d6">
         <name>.debug_line</name>
         <load_address>0x19fd</load_address>
         <run_address>0x19fd</run_address>
         <size>0x7c7</size>
         <input_file_ref idref="fl-13"/>
      </object_component>
      <object_component id="oc-dc">
         <name>.debug_line</name>
         <load_address>0x21c4</load_address>
         <run_address>0x21c4</run_address>
         <size>0x177</size>
         <input_file_ref idref="fl-14"/>
      </object_component>
      <object_component id="oc-e3">
[...]
         <object_component_ref idref="oc-18c"/>
      </symbol>
      <symbol id="sm-844">
         <name>_Pos_offset_Ena</name>
         <value>0xc00d</value>
         <object_component_ref idref="oc-110"/>
      </symbol>
      <symbol id="sm-88b">
         <name>_Motor_Fault_Check</name>
         <value>0x9191</value>
         <object_component_ref idref="oc-1a0"/>
      </symbol>
      <symbol id="sm-8eb">
         <name>_AirValveHandle</name>
         <value>0x3ec029</value>
         <object_component_ref idref="oc-1a3"/>
      </symbol>
      <symbol id="sm-8ec">
         <name>_StepDelay</name>
         <value>0xca0d</value>
         <object_component_ref idref="oc-11e"/>
      </symbol>
      <symbol id="sm-8ed">
         <name>_Cnt</name>
         <value>0xca01</value>
         <object_component_ref idref="oc-11e"/>
      </symbol>
      <symbol id="sm-8ee">
         <name>_Pearl_Continuity_Check</name>
         <value>0x3ec2dc</value>
         <object_component_ref idref="oc-1a3"/>
      </symbol>
      <symbol id="sm-8ef">
         <name>_PrePearl_C</name>
         <value>0xca18</value>
         <object_component_ref idref="oc-11e"/>
      </symbol>
      <symbol id="sm-8f0">
         <name>_PrePearl_D</name>
         <value>0xca40</value>
         <object_component_ref idref="oc-11e"/>
      </symbol>
      <symbol id="sm-8f1">
         <name>_PrePearlHandle</name>
         <value>0x3ebfa5</value>
         <object_component_ref idref="oc-1a3"/>
      </symbol>
      <symbol id="sm-8f2">
         <name>_OPTO3_Check</name>
         <value>0x3ebf89</value>
         <object_component_ref idref="oc-1a3"/>
      </symbol>
      <symbol id="sm-8f3">
         <name>_OPTO2_Check</name>
         <value>0x3ebf6a</value>
         <object_component_ref idref="oc-1a3"/>
      </symbol>
      <symbol id="sm-8f4">
         <name>_PearlMotorC</name>
         <value>0x3ec04f</value>
         <object_component_ref idref="oc-1a3"/>
      </symbol>
      <symbol id="sm-8f5">
         <name>_PearlMotorD</name>
         <value>0x3ec195</value>
         <object_component_ref idref="oc-1a3"/>
      </symbol>
      <symbol id="sm-8f6">
         <name>_OPTO1_Check</name>
         <value>0x3ebf4b</value>
         <object_component_ref idref="oc-1a3"/>
      </symbol>
      <symbol id="sm-8f7">
         <name>_BCorigin</name>
         <value>0xca02</value>
         <object_component_ref idref="oc-11e"/>
      </symbol>
      <symbol id="sm-8f8">
         <name>_ClearPulseFlag</name>
         <value>0xca03</value>
         <object_component_ref idref="oc-11e"/>
      </symbol>
      <symbol id="sm-91a">
         <name>_Start_Motor_SPTA</name>
         <value>0x3edbe3</value>
         <object_component_ref idref="oc-198"/>
      </symbol>
      <symbol id="sm-91b">
         <name>_IRQHandler_SPTA</name>
         <value>0x9a82</value>
         <object_component_ref idref="oc-197"/>
      </symbol>
      <symbol id="sm-91c">
         <name>_motorC</name>
         <value>0xc8c0</value>
         <object_component_ref idref="oc-124"/>
      </symbol>
      <symbol id="sm-91d">
         <name>_motorE</name>
         <value>0xc900</value>
         <object_component_ref idref="oc-124"/>
      </symbol>
      <symbol id="sm-91e">
         <name>_motorD</name>
         <value>0xc880</value>
         <object_component_ref idref="oc-124"/>
      </symbol>
      <symbol id="sm-91f">
         <name>_Init_Motor_SPTA</name>
         <value>0x3edba2</value>
         <object_component_ref idref="oc-198"/>
      </symbol>
      <symbol id="sm-954">
         <name>_EncryptBlock</name>
         <value>0xc782</value>
         <object_component_ref idref="oc-12a"/>
      </symbol>
      <symbol id="sm-955">
         <name>_Key</name>
         <value>0xc78a</value>
         <object_component_ref idref="oc-12a"/>
      </symbol>
      <symbol id="sm-956">
         <name>_CANDataDecryptHandle</name>
         <value>0x3ecfcc</value>
         <object_component_ref idref="oc-18a"/>
      </symbol>
      <symbol id="sm-957">
         <name>_rc4crypt</name>
         <value>0x3ecfa8</value>
         <object_component_ref idref="oc-18a"/>
      </symbol>
      <symbol id="sm-958">
         <name>_DecryptFlag</name>
         <value>0xc781</value>
         <object_component_ref idref="oc-12a"/>
      </symbol>
      <symbol id="sm-959">
         <name>_RC4_Decrypt</name>
         <value>0x3ecf9d</value>
         <object_component_ref idref="oc-18a"/>
      </symbol>
      <symbol id="sm-95a">
         <name>_DecryptHandle</name>
         <value>0x3ed027</value>
         <object_component_ref idref="oc-18a"/>
      </symbol>
      <symbol id="sm-95b">
         <name>_rc4getc</name>
         <value>0x3ecf1d</value>
         <object_component_ref idref="oc-18a"/>
      </symbol>
      <symbol id="sm-95c">
         <name>_rc4close</name>
         <value>0x3ecf88</value>
         <object_component_ref idref="oc-18a"/>
      </symbol>
      <symbol id="sm-95d">
         <name>_RC4_Encrypt</name>
         <value>0x3ecf92</value>
         <object_component_ref idref="oc-18a"/>
      </symbol>
      <symbol id="sm-95e">
         <name>__Memcpy</name>
         <value>0x3ece65</value>
         <object_component_ref idref="oc-18a"/>
      </symbol>
      <symbol id="sm-95f">
         <name>_s_rc4</name>
         <value>0xc7c0</value>
         <object_component_ref idref="oc-12a"/>
      </symbol>
      <symbol id="sm-960">
         <name>_rc4open</name>
         <value>0x3ece7f</value>
         <object_component_ref idref="oc-18a"/>
      </symbol>
      <symbol id="sm-961">
         <name>__Memset</name>
         <value>0x3ece4a</value>
         <object_component_ref idref="oc-18a"/>
      </symbol>
      <symbol id="sm-96b">
         <name>__IQ24cosPU</name>
         <value>0xa1f1</value>
         <object_component_ref idref="oc-12f"/>
      </symbol>
      <symbol id="sm-975">
         <name>__IQ24sinPU</name>
         <value>0xa1c8</value>
         <object_component_ref idref="oc-130"/>
      </symbol>
      <symbol id="sm-97f">
         <name>__IQ24sqrt</name>
         <value>0xa186</value>
         <object_component_ref idref="oc-131"/>
      </symbol>
      <symbol id="sm-983">
         <name>_IQ16mpyRndSatTable</name>
         <value>0x3fe990</value>
         <object_component_ref idref="oc-132"/>
      </symbol>
      <symbol id="sm-984">
         <name>_IQ24mpyRndSatTable</name>
         <value>0x3fe930</value>
         <object_component_ref idref="oc-132"/>
      </symbol>
      <symbol id="sm-985">
         <name>_IQ13mpyRndSatTable</name>
         <value>0x3fe9b4</value>
         <object_component_ref idref="oc-132"/>
      </symbol>
      <symbol id="sm-986">
         <name>_IQ21mpyRndSatTable</name>
         <value>0x3fe954</value>
         <object_component_ref idref="oc-132"/>
      </symbol>
      <symbol id="sm-987">
         <name>_IQ10mpyRndSatTable</name>
         <value>0x3fe9d8</value>
         <object_component_ref idref="oc-132"/>
      </symbol>
      <symbol id="sm-988">
         <name>_IQdivTable</name>
         <value>0x3fe410</value>
         <object_component_ref idref="oc-132"/>
      </symbol>
      <symbol id="sm-989">
         <name>_IQ9mpyRndSatTable</name>
         <value>0x3fe9e4</value>
         <object_component_ref idref="oc-132"/>
      </symbol>
      <symbol id="sm-98a">
         <name>_IQ6mpyRndSatTable</name>
         <value>0x3fea08</value>
         <object_component_ref idref="oc-132"/>
      </symbol>
      <symbol id="sm-98b">
         <name>_IQatan2TableEnd</name>
         <value>0x3fe8e8</value>
         <object_component_ref idref="oc-132"/>
      </symbol>
      <symbol id="sm-98c">
         <name>_IQdivTableEnd</name>
         <value>0x3fe612</value>
         <object_component_ref idref="oc-132"/>
      </symbol>
      <symbol id="sm-98d">
         <name>_IQ29mpyRndSatTable</name>
         <value>0x3fe8f4</value>
         <object_component_ref idref="oc-132"/>
      </symbol>
      <symbol id="sm-98e">
         <name>_IQ3mpyRndSatTable</name>
         <value>0x3fea2c</value>
         <object_component_ref idref="oc-132"/>
      </symbol>
      <symbol id="sm-98f">
         <name>_IQ18mpyRndSatTable</name>
         <value>0x3fe978</value>
         <object_component_ref idref="oc-132"/>
      </symbol>
      <symbol id="sm-990">
         <name>_IQ26mpyRndSatTable</name>
         <value>0x3fe918</value>
         <object_component_ref idref="oc-132"/>
      </symbol>
      <symbol id="sm-991">
         <name>_IQcosTableEnd</name>
         <value>0x3fe402</value>
         <object_component_ref idref="oc-132"/>
      </symbol>
      <symbol id="sm-992">
         <name>_IQsinTableEnd</name>
         <value>0x3fe300</value>
         <object_component_ref idref="oc-132"/>
      </symbol>
      <symbol id="sm-993">
         <name>_IQ15mpyRndSatTable</name>
         <value>0x3fe99c</value>
         <object_component_ref idref="oc-132"/>
      </symbol>
      <symbol id="sm-994">
         <name>_IQ23mpyRndSatTable</name>
         <value>0x3fe93c</value>
         <object_component_ref idref="oc-132"/>
      </symbol>
      <symbol id="sm-995">
         <name>_IQ12mpyRndSatTable</name>
         <value>0x3fe9c0</value>
         <object_component_ref idref="oc-132"/>
      </symbol>
      <symbol id="sm-996">
         <name>_IQ20mpyRndSatTable</name>
         <value>0x3fe960</value>
         <object_component_ref idref="oc-132"/>
      </symbol>
      <symbol id="sm-997">
         <name>_IQisqrtTableEnd</name>
         <value>0x3fe724</value>
         <object_component_ref idref="oc-132"/>
      </symbol>
      <symbol id="sm-998">
         <name>_IQ8mpyRndSatTable</name>
         <value>0x3fe9f0</value>
         <object_component_ref idref="oc-132"/>
      </symbol>
      <symbol id="sm-999">
         <name>_IQisqrtRoundSatTable</name>
         <value>0x3fe612</value>
         <object_component_ref idref="oc-132"/>
      </symbol>
      <symbol id="sm-99a">
         <name>_IQ5mpyRndSatTable</name>
         <value>0x3fea14</value>
         <object_component_ref idref="oc-132"/>
      </symbol>
      <symbol id="sm-99b">
         <name>_IQmpyRndSatTable</name>
         <value>0x3fe8e8</value>
         <object_component_ref idref="oc-132"/>
      </symbol>
      <symbol id="sm-99c">
         <name>_IQ28mpyRndSatTable</name>
         <value>0x3fe900</value>
         <object_component_ref idref="oc-132"/>
      </symbol>
      <symbol id="sm-99d">
         <name>_IQatan2Table</name>
         <value>0x3fe762</value>
         <object_component_ref idref="oc-132"/>
      </symbol>
      <symbol id="sm-99e">
         <name>_IQ2mpyRndSatTable</name>
         <value>0x3fea38</value>
         <object_component_ref idref="oc-132"/>
      </symbol>
      <symbol id="sm-99f">
         <name>_IQatan2HalfPITable</name>
         <value>0x3fe724</value>
         <object_component_ref idref="oc-132"/>
      </symbol>
      <symbol id="sm-9a0">
         <name>_IQ17mpyRndSatTable</name>
         <value>0x3fe984</value>
         <object_component_ref idref="oc-132"/>
      </symbol>
      <symbol id="sm-9a1">
         <name>_IQ25mpyRndSatTable</name>
         <value>0x3fe924</value>
         <object_component_ref idref="oc-132"/>
      </symbol>
      <symbol id="sm-9a2">
         <name>_IQsqrtTable</name>
         <value>0x3fe622</value>
         <object_component_ref idref="oc-132"/>
      </symbol>
      <symbol id="sm-9a3">
         <name>_IQsqrtTableEnd</name>
         <value>0x3fe724</value>
         <object_component_ref idref="oc-132"/>
      </symbol>
      <symbol id="sm-9a4">
         <name>_IQ14mpyRndSatTable</name>
         <value>0x3fe9a8</value>
         <object_component_ref idref="oc-132"/>
      </symbol>
      <symbol id="sm-9a5">
         <name>_IQ22mpyRndSatTable</name>
         <value>0x3fe948</value>
         <object_component_ref idref="oc-132"/>
      </symbol>
      <symbol id="sm-9a6">
         <name>_IQ30mpyRndSatTable</name>
         <value>0x3fe8e8</value>
         <object_component_ref idref="oc-132"/>
      </symbol>
      <symbol id="sm-9a7">
         <name>_IQsqrtRoundSatTable</name>
         <value>0x3fe612</value>
         <object_component_ref idref="oc-132"/>
      </symbol>
      <symbol id="sm-9a8">
         <name>_IQ11mpyRndSatTable</name>
         <value>0x3fe9cc</value>
         <object_component_ref idref="oc-132"/>
      </symbol>
      <symbol id="sm-9a9">
         <name>_IQdivRoundSatTable</name>
         <value>0x3fe402</value>
         <object_component_ref idref="oc-132"/>
      </symbol>
      <symbol id="sm-9aa">
         <name>_IQ7mpyRndSatTable</name>
         <value>0x3fe9fc</value>
         <object_component_ref idref="oc-132"/>
      </symbol>
      <symbol id="sm-9ab">
         <name>_IQcosTable</name>
         <value>0x3fe000</value>
         <object_component_ref idref="oc-132"/>
      </symbol>
      <symbol id="sm-9ac">
         <name>_IQisqrtTable</name>
         <value>0x3fe622</value>
         <object_component_ref idref="oc-132"/>
      </symbol>
      <symbol id="sm-9ad">
         <name>_IQ4mpyRndSatTable</name>
         <value>0x3fea20</value>
         <object_component_ref idref="oc-132"/>
      </symbol>
      <symbol id="sm-9ae">
         <name>_IQ19mpyRndSatTable</name>
         <value>0x3fe96c</value>
         <object_component_ref idref="oc-132"/>
      </symbol>
      <symbol id="sm-9af">
         <name>_IQ27mpyRndSatTable</name>
         <value>0x3fe90c</value>
         <object_component_ref idref="oc-132"/>
      </symbol>
      <symbol id="sm-9b0">
         <name>_IQmpyRndSatTableEnd</name>
         <value>0x3fea50</value>
         <object_component_ref idref="oc-132"/>
      </symbol>
      <symbol id="sm-9b1">
         <name>_IQ1mpyRndSatTable</name>
         <value>0x3fea44</value>
         <object_component_ref idref="oc-132"/>
      </symbol>
      <symbol id="sm-9b2">
         <name>_IQsinTable</name>
         <value>0x3fdf00</value>
         <object_component_ref idref="oc-132"/>
      </symbol>
      <symbol id="sm-9c6">
         <name>_c_int00</name>
         <value>0x3edea5</value>
         <object_component_ref idref="oc-4d"/>
      </symbol>
      <symbol id="sm-9c7">
         <name>__stack</name>
         <value>0x50</value>
         <object_component_ref idref="oc-133"/>
      </symbol>
      <symbol id="sm-9d8">
         <name>C$$EXIT</name>
         <value>0x3ee064</value>
         <object_component_ref idref="oc-187"/>
      </symbol>
      <symbol id="sm-9d9">
         <name>_exit</name>
         <value>0x3ee066</value>
         <object_component_ref idref="oc-187"/>
      </symbol>
      <symbol id="sm-9da">
         <name>___TI_cleanup_ptr</name>
         <value>0xc878</value>
         <object_component_ref idref="oc-13a"/>
      </symbol>
      <symbol id="sm-9db">
         <name>_abort</name>
         <value>0x3ee064</value>
         <object_component_ref idref="oc-187"/>
      </symbol>
      <symbol id="sm-9dc">
         <name>___TI_dtors_ptr</name>
         <value>0xc87a</value>
         <object_component_ref idref="oc-13a"/>
      </symbol>
      <symbol id="sm-9ea">
         <name>FD$$MPY</name>
         <value>0x3edc28</value>
         <object_component_ref idref="oc-13e"/>
      </symbol>
      <symbol id="sm-9f5">
         <name>FD$$TOL</name>
         <value>0x3edfd9</value>
         <object_component_ref idref="oc-142"/>
      </symbol>
      <symbol id="sm-a0b">
         <name>FS$$ADD</name>
         <value>0x3edd33</value>
         <object_component_ref idref="oc-146"/>
      </symbol>
      <symbol id="sm-a0c">
         <name>FS$$SUB</name>
         <value>0x3edd2e</value>
         <object_component_ref idref="oc-146"/>
      </symbol>
      <symbol id="sm-a19">
         <name>FS$$DIV</name>
         <value>0x3edcab</value>
         <object_component_ref idref="oc-14a"/>
      </symbol>
      <symbol id="sm-a26">
         <name>FS$$MPY</name>
         <value>0x3ede02</value>
         <object_component_ref idref="oc-14e"/>
      </symbol>
      <symbol id="sm-a32">
         <name>FS$$TOFD</name>
         <value>0x3ee015</value>
         <object_component_ref idref="oc-152"/>
      </symbol>
      <symbol id="sm-a3f">
         <name>FS$$TOU</name>
         <value>0x3edff8</value>
         <object_component_ref idref="oc-156"/>
      </symbol>
      <symbol id="sm-a49">
         <name>I$$MOD</name>
         <value>0x3edfc8</value>
         <object_component_ref idref="oc-15a"/>
      </symbol>
      <symbol id="sm-a4a">
         <name>I$$DIV</name>
         <value>0x3edfb7</value>
         <object_component_ref idref="oc-15a"/>
      </symbol>
      <symbol id="sm-a52">
         <name>UL$$MOD</name>
         <value>0x3edf64</value>
         <object_component_ref idref="oc-15e"/>
      </symbol>
      <symbol id="sm-a53">
         <name>L$$MOD</name>
         <value>0x3edf4f</value>
         <object_component_ref idref="oc-15e"/>
      </symbol>
      <symbol id="sm-a54">
         <name>L$$DIV</name>
         <value>0x3edf40</value>
         <object_component_ref idref="oc-15e"/>
      </symbol>
      <symbol id="sm-a55">
         <name>UL$$DIV</name>
         <value>0x3edf5d</value>
         <object_component_ref idref="oc-15e"/>
      </symbol>
      <symbol id="sm-a60">
         <name>L$$TOFS</name>
         <value>0x3ee031</value>
         <object_component_ref idref="oc-162"/>
      </symbol>
      <symbol id="sm-a87">
         <name>ULL$$MOD</name>
         <value>0x3ed92e</value>
         <object_component_ref idref="oc-166"/>
      </symbol>
      <symbol id="sm-a88">
         <name>ULL$$DIV</name>
         <value>0x3ed8ff</value>
         <object_component_ref idref="oc-166"/>
      </symbol>
      <symbol id="sm-a89">
         <name>LL$$MOD</name>
         <value>0x3ed8c5</value>
         <object_component_ref idref="oc-166"/>
      </symbol>
      <symbol id="sm-a8a">
         <name>LL$$DIV</name>
         <value>0x3ed889</value>
         <object_component_ref idref="oc-166"/>
      </symbol>
      <symbol id="sm-a92">
         <name>LL$$MPY</name>
         <value>0x3ee07d</value>
         <object_component_ref idref="oc-16a"/>
      </symbol>
      <symbol id="sm-aa1">
         <name>_rand</name>
         <value>0x3edef9</value>
         <object_component_ref idref="oc-1aa"/>
      </symbol>
      <symbol id="sm-aa2">
         <name>_srand</name>
         <value>0x3edee9</value>
         <object_component_ref idref="oc-1aa"/>
      </symbol>
      <symbol id="sm-aac">
         <name>U$$TOFS</name>
         <value>0x3ee0a4</value>
         <object_component_ref idref="oc-174"/>
      </symbol>
      <symbol id="sm-ab8">
         <name>UL$$TOFS</name>
         <value>0x3ee091</value>
         <object_component_ref idref="oc-178"/>
      </symbol>
      <symbol id="sm-ac6">
         <name>__unlock</name>
         <value>0xc874</value>
         <object_component_ref idref="oc-17e"/>
      </symbol>
      <symbol id="sm-ac7">
         <name>__lock</name>
         <value>0xc876</value>
         <object_component_ref idref="oc-17e"/>
      </symbol>
      <symbol id="sm-ac8">
         <name>__register_lock</name>
         <value>0x3ee0b8</value>
         <object_component_ref idref="oc-18e"/>
      </symbol>
      <symbol id="sm-ac9">
         <name>__nop</name>
         <value>0x3ee0bc</value>
         <object_component_ref idref="oc-18e"/>
      </symbol>
      <symbol id="sm-aca">
         <name>__register_unlock</name>
         <value>0x3ee0b4</value>
         <object_component_ref idref="oc-18e"/>
      </symbol>
      <symbol id="sm-ad6">
         <name>__args_main</name>
         <value>0x3ee04b</value>
         <object_component_ref idref="oc-186"/>
      </symbol>
      <symbol id="sm-ad7">
         <name>__TI_args_main</name>
         <value>0x1</value>
      </symbol>
   </symbol_table>
   <title>Link successful</title>
</link_info>
